[lang] 대상 322,351 (기존 0)
  5,000/322,351
  10,000/322,351
  15,000/322,351
  20,000/322,351
  25,000/322,351
  30,000/322,351
  35,000/322,351
  40,000/322,351
  45,000/322,351
  50,000/322,351
  55,000/322,351
  60,000/322,351
  65,000/322,351
  70,000/322,351
  75,000/322,351
  80,000/322,351
  85,000/322,351
  90,000/322,351
  95,000/322,351
  100,000/322,351
  105,000/322,351
  110,000/322,351
  115,000/322,351
  120,000/322,351
  125,000/322,351
  130,000/322,351
  135,000/322,351
  140,000/322,351
  145,000/322,351
  150,000/322,351
  155,000/322,351
  160,000/322,351
  165,000/322,351
  170,000/322,351
  175,000/322,351
  180,000/322,351
  185,000/322,351
  190,000/322,351
  195,000/322,351
  200,000/322,351
  205,000/322,351
  210,000/322,351
  215,000/322,351
  220,000/322,351
  225,000/322,351
  230,000/322,351
  235,000/322,351
  240,000/322,351
  245,000/322,351
  250,000/322,351
  255,000/322,351
  260,000/322,351
  265,000/322,351
  270,000/322,351
  275,000/322,351
  280,000/322,351
  285,000/322,351
  290,000/322,351
  295,000/322,351
  300,000/322,351
  305,000/322,351
  310,000/322,351
  315,000/322,351
  320,000/322,351

[lang] 언어 분포:
  en: 197,626
  fr: 42,516
  el: 30,603
  de: 10,262
  it: 9,233
  es: 8,941
  zh-cn: 7,182
  da: 4,251
  nl: 3,466
  ja: 2,556
  no: 1,903
  sv: 1,400
  et: 932
  ko: 497
  fi: 367
  vi: 131
  ca: 110
  bn: 72
  pt: 62
  ??: 36
  pl: 35
  af: 31
  zh-tw: 23
  sl: 20
  ar: 19
