[schema] document_translations 준비 완료 (/data_raid/ruci_workspace/frwaler_job/libertree-app/data/libertree.db)
[targets] 이번 실행 대상 282,782건 (fields=('title', 'description'), backfill=True, safe_langs=True)
[workers] 동시 요청 6
      200  ok=200 err=0  0.6/s  5.9m
      400  ok=400 err=0  0.6/s  10.5m
      600  ok=600 err=0  0.7/s  13.6m
      800  ok=800 err=0  0.7/s  17.9m
    1,000  ok=1,000 err=0  0.8/s  21.7m
    1,200  ok=1,200 err=0  0.8/s  26.0m
    1,400  ok=1,400 err=0  0.8/s  29.0m
    1,600  ok=1,600 err=0  0.8/s  31.4m
    1,800  ok=1,800 err=0  0.9/s  34.9m
    2,000  ok=2,000 err=0  0.9/s  38.8m
    2,200  ok=2,200 err=0  0.9/s  40.4m
    2,400  ok=2,400 err=0  0.9/s  42.3m
    2,600  ok=2,600 err=0  1.0/s  43.2m
    2,800  ok=2,800 err=0  1.1/s  44.2m
    3,000  ok=3,000 err=0  1.0/s  49.0m
    3,200  ok=3,200 err=0  1.0/s  52.3m
    3,400  ok=3,400 err=0  1.0/s  55.8m
    3,600  ok=3,600 err=0  1.0/s  62.6m
    3,800  ok=3,800 err=0  1.0/s  65.6m
    4,000  ok=4,000 err=0  1.0/s  68.9m
    4,200  ok=4,200 err=0  0.9/s  78.2m
    4,400  ok=4,400 err=0  0.9/s  83.1m
    4,600  ok=4,600 err=0  0.9/s  83.9m
    4,800  ok=4,800 err=0  0.9/s  84.6m
    5,000  ok=5,000 err=0  1.0/s  85.6m
    5,200  ok=5,200 err=0  1.0/s  86.9m
    5,400  ok=5,400 err=0  1.0/s  88.8m
    5,600  ok=5,600 err=0  1.0/s  94.2m
    5,800  ok=5,800 err=0  1.0/s  97.7m
    6,000  ok=6,000 err=0  1.0/s  100.1m
    6,200  ok=6,200 err=0  1.0/s  105.1m
    6,400  ok=6,400 err=0  1.0/s  109.9m
    6,600  ok=6,600 err=0  1.0/s  113.8m
    6,800  ok=6,800 err=0  0.9/s  120.9m
    7,000  ok=7,000 err=0  0.9/s  127.8m
    7,200  ok=7,200 err=0  0.9/s  134.7m
    7,400  ok=7,400 err=0  0.9/s  138.7m
    7,600  ok=7,600 err=0  0.9/s  140.9m
    7,800  ok=7,800 err=0  0.9/s  141.9m
    8,000  ok=8,000 err=0  0.9/s  147.3m
    8,200  ok=8,200 err=0  0.9/s  152.2m
    8,400  ok=8,400 err=0  0.9/s  156.4m
    8,600  ok=8,600 err=0  0.9/s  159.6m
    8,800  ok=8,800 err=0  0.9/s  162.1m
    9,000  ok=9,000 err=0  0.9/s  165.6m
    9,200  ok=9,200 err=0  0.9/s  172.1m
    9,400  ok=9,400 err=0  0.9/s  175.4m
    9,600  ok=9,600 err=0  0.9/s  178.0m
    9,800  ok=9,800 err=0  0.9/s  183.2m
   10,000  ok=10,000 err=0  0.9/s  186.8m
   10,200  ok=10,200 err=0  0.9/s  189.5m
   10,400  ok=10,400 err=0  0.9/s  192.7m
   10,600  ok=10,600 err=0  0.9/s  196.2m
   10,800  ok=10,800 err=0  0.9/s  201.3m
   11,000  ok=11,000 err=0  0.9/s  205.1m
   11,200  ok=11,200 err=0  0.9/s  209.7m
   11,400  ok=11,400 err=0  0.9/s  214.7m
   11,600  ok=11,600 err=0  0.9/s  218.8m
   11,800  ok=11,800 err=0  0.9/s  222.3m
   12,000  ok=12,000 err=0  0.9/s  227.6m
   12,200  ok=12,200 err=0  0.9/s  229.4m
   12,400  ok=12,400 err=0  0.9/s  232.6m
   12,600  ok=12,600 err=0  0.9/s  235.6m
   12,800  ok=12,800 err=0  0.9/s  241.4m
   13,000  ok=13,000 err=0  0.9/s  244.5m
   13,200  ok=13,200 err=0  0.9/s  246.8m
   13,400  ok=13,400 err=0  0.9/s  248.3m
   13,600  ok=13,600 err=0  0.9/s  249.7m
   13,800  ok=13,800 err=0  0.9/s  251.0m
   14,000  ok=14,000 err=0  0.9/s  252.1m
   14,200  ok=14,200 err=0  0.9/s  253.3m
   14,400  ok=14,400 err=0  0.9/s  264.5m
   14,600  ok=14,600 err=0  0.9/s  271.7m
   14,800  ok=14,800 err=0  0.9/s  275.6m
   15,000  ok=15,000 err=0  0.9/s  279.5m
   15,200  ok=15,200 err=0  0.9/s  283.9m
   15,400  ok=15,400 err=0  0.9/s  285.2m
   15,600  ok=15,600 err=0  0.9/s  289.3m
   15,800  ok=15,800 err=0  0.9/s  291.8m
   16,000  ok=16,000 err=0  0.9/s  296.8m
   16,200  ok=16,200 err=0  0.9/s  302.8m
   16,400  ok=16,400 err=0  0.9/s  307.0m
   16,600  ok=16,600 err=0  0.9/s  311.4m
   16,800  ok=16,800 err=0  0.9/s  316.3m
   17,000  ok=17,000 err=0  0.9/s  321.5m
   17,200  ok=17,200 err=0  0.9/s  324.6m
   17,400  ok=17,400 err=0  0.9/s  329.8m
   17,600  ok=17,600 err=0  0.9/s  331.1m
   17,800  ok=17,800 err=0  0.9/s  334.5m
   18,000  ok=18,000 err=0  0.9/s  340.2m
   18,200  ok=18,200 err=0  0.9/s  345.3m
   18,400  ok=18,400 err=0  0.9/s  348.8m
   18,600  ok=18,600 err=0  0.9/s  352.0m
   18,800  ok=18,800 err=0  0.9/s  354.4m
   19,000  ok=19,000 err=0  0.9/s  357.4m
   19,200  ok=19,200 err=0  0.9/s  367.5m
   19,400  ok=19,400 err=0  0.9/s  369.7m
   19,600  ok=19,600 err=0  0.9/s  372.4m
   19,800  ok=19,800 err=0  0.9/s  376.0m
   20,000  ok=20,000 err=0  0.9/s  385.4m
   20,200  ok=20,200 err=0  0.9/s  387.7m
   20,400  ok=20,400 err=0  0.9/s  389.4m
   20,600  ok=20,600 err=0  0.9/s  391.2m
   20,800  ok=20,800 err=0  0.9/s  393.7m
   21,000  ok=21,000 err=0  0.9/s  396.9m
   21,200  ok=21,200 err=0  0.9/s  399.2m
   21,400  ok=21,400 err=0  0.9/s  399.7m
   21,600  ok=21,600 err=0  0.9/s  401.1m
   21,800  ok=21,800 err=0  0.9/s  403.0m
   22,000  ok=22,000 err=0  0.9/s  405.8m
   22,200  ok=22,200 err=0  0.9/s  407.4m
   22,400  ok=22,400 err=0  0.9/s  408.9m
   22,600  ok=22,600 err=0  0.9/s  412.8m
   22,800  ok=22,800 err=0  0.9/s  419.6m
   23,000  ok=23,000 err=0  0.9/s  427.4m
   23,200  ok=23,200 err=0  0.9/s  434.6m
   23,400  ok=23,400 err=0  0.9/s  438.5m
   23,600  ok=23,600 err=0  0.9/s  441.0m
   23,800  ok=23,800 err=0  0.9/s  445.7m
   24,000  ok=24,000 err=0  0.9/s  449.8m
   24,200  ok=24,200 err=0  0.9/s  455.6m
   24,400  ok=24,400 err=0  0.9/s  462.3m
   24,600  ok=24,600 err=0  0.9/s  466.6m
   24,800  ok=24,800 err=0  0.9/s  472.6m
   25,000  ok=25,000 err=0  0.9/s  478.9m
   25,200  ok=25,200 err=0  0.9/s  486.2m
   25,400  ok=25,400 err=0  0.9/s  492.6m
   25,600  ok=25,600 err=0  0.9/s  495.6m
   25,800  ok=25,800 err=0  0.9/s  498.7m
   26,000  ok=26,000 err=0  0.9/s  502.3m
   26,200  ok=26,200 err=0  0.9/s  505.7m
   26,400  ok=26,400 err=0  0.9/s  508.8m
   26,600  ok=26,600 err=0  0.9/s  513.4m
   26,800  ok=26,800 err=0  0.9/s  516.5m
   27,000  ok=27,000 err=0  0.9/s  519.1m
   27,200  ok=27,200 err=0  0.9/s  522.8m
   27,400  ok=27,400 err=0  0.9/s  528.9m
   27,600  ok=27,600 err=0  0.9/s  530.7m
   27,800  ok=27,800 err=0  0.9/s  538.2m
   28,000  ok=28,000 err=0  0.9/s  545.2m
   28,200  ok=28,200 err=0  0.8/s  554.8m
   28,400  ok=28,400 err=0  0.8/s  562.0m
   28,600  ok=28,600 err=0  0.8/s  566.2m
   28,800  ok=28,800 err=0  0.8/s  569.2m
   29,000  ok=29,000 err=0  0.8/s  571.7m
   29,200  ok=29,200 err=0  0.8/s  574.6m
   29,400  ok=29,400 err=0  0.8/s  577.3m
   29,600  ok=29,600 err=0  0.8/s  580.4m
   29,800  ok=29,800 err=0  0.9/s  583.6m
   30,000  ok=30,000 err=0  0.9/s  586.3m
   30,200  ok=30,200 err=0  0.9/s  589.1m
   30,400  ok=30,400 err=0  0.9/s  592.0m
   30,600  ok=30,600 err=0  0.9/s  594.7m
   30,800  ok=30,800 err=0  0.9/s  597.5m
   31,000  ok=31,000 err=0  0.9/s  600.5m
   31,200  ok=31,200 err=0  0.9/s  603.7m
   31,400  ok=31,400 err=0  0.9/s  607.0m
   31,600  ok=31,600 err=0  0.9/s  610.2m
   31,800  ok=31,800 err=0  0.9/s  613.0m
   32,000  ok=32,000 err=0  0.9/s  616.3m
   32,200  ok=32,200 err=0  0.9/s  619.4m
   32,400  ok=32,400 err=0  0.9/s  622.6m
   32,600  ok=32,600 err=0  0.9/s  626.4m
   32,800  ok=32,800 err=0  0.9/s  630.8m
   33,000  ok=33,000 err=0  0.9/s  637.0m
   33,200  ok=33,200 err=0  0.9/s  644.1m
   33,400  ok=33,400 err=0  0.9/s  648.6m
   33,600  ok=33,600 err=0  0.9/s  653.2m
   33,800  ok=33,800 err=0  0.9/s  658.2m
   34,000  ok=34,000 err=0  0.9/s  663.7m
   34,200  ok=34,200 err=0  0.9/s  668.7m
   34,400  ok=34,400 err=0  0.9/s  670.9m
   34,600  ok=34,600 err=0  0.9/s  676.6m
   34,800  ok=34,800 err=0  0.9/s  677.8m
   35,000  ok=35,000 err=0  0.9/s  681.4m
   35,200  ok=35,200 err=0  0.9/s  685.2m
   35,400  ok=35,400 err=0  0.9/s  688.5m
   35,600  ok=35,600 err=0  0.9/s  693.7m
   35,800  ok=35,800 err=0  0.8/s  703.1m
   36,000  ok=36,000 err=0  0.8/s  708.9m
   36,200  ok=36,200 err=0  0.8/s  716.9m
   36,400  ok=36,400 err=0  0.8/s  725.4m
   36,600  ok=36,600 err=0  0.8/s  730.8m
   36,800  ok=36,800 err=0  0.8/s  732.6m
   37,000  ok=37,000 err=0  0.8/s  734.8m
   37,200  ok=37,200 err=0  0.8/s  737.2m
   37,400  ok=37,400 err=0  0.8/s  739.3m
   37,600  ok=37,600 err=0  0.8/s  746.1m
   37,800  ok=37,800 err=0  0.8/s  754.6m
   38,000  ok=38,000 err=0  0.8/s  760.1m
   38,200  ok=38,200 err=0  0.8/s  765.5m
   38,400  ok=38,400 err=0  0.8/s  771.9m
   38,600  ok=38,600 err=0  0.8/s  777.9m
   38,800  ok=38,800 err=0  0.8/s  780.2m
   39,000  ok=39,000 err=0  0.8/s  782.3m
   39,200  ok=39,200 err=0  0.8/s  785.2m
   39,400  ok=39,400 err=0  0.8/s  788.0m
   39,600  ok=39,600 err=0  0.8/s  793.6m
   39,800  ok=39,800 err=0  0.8/s  798.4m
   40,000  ok=40,000 err=0  0.8/s  805.3m
   40,200  ok=40,200 err=0  0.8/s  811.8m
   40,400  ok=40,400 err=0  0.8/s  817.0m
   40,600  ok=40,600 err=0  0.8/s  822.3m
   40,800  ok=40,800 err=0  0.8/s  826.8m
   41,000  ok=41,000 err=0  0.8/s  829.3m
   41,200  ok=41,200 err=0  0.8/s  832.2m
   41,400  ok=41,400 err=0  0.8/s  836.9m
   41,600  ok=41,600 err=0  0.8/s  839.5m
   41,800  ok=41,800 err=0  0.8/s  843.3m
   42,000  ok=42,000 err=0  0.8/s  848.1m
   42,200  ok=42,200 err=0  0.8/s  856.7m
   42,400  ok=42,400 err=0  0.8/s  862.6m
   42,600  ok=42,600 err=0  0.8/s  864.3m
   42,800  ok=42,800 err=0  0.8/s  865.2m
   43,000  ok=43,000 err=0  0.8/s  867.4m
   43,200  ok=43,200 err=0  0.8/s  868.0m
   43,400  ok=43,400 err=0  0.8/s  874.6m
   43,600  ok=43,600 err=0  0.8/s  882.7m
   43,800  ok=43,800 err=0  0.8/s  887.6m
   44,000  ok=44,000 err=0  0.8/s  891.8m
   44,200  ok=44,200 err=0  0.8/s  896.3m
   44,400  ok=44,400 err=0  0.8/s  904.0m
   44,600  ok=44,600 err=0  0.8/s  915.8m
   44,800  ok=44,800 err=0  0.8/s  927.3m
   45,000  ok=45,000 err=0  0.8/s  939.9m
   45,200  ok=45,200 err=0  0.8/s  951.9m
   45,400  ok=45,400 err=0  0.8/s  961.4m
   45,600  ok=45,600 err=0  0.8/s  965.0m
   45,800  ok=45,800 err=0  0.8/s  968.3m
   46,000  ok=46,000 err=0  0.8/s  973.1m
   46,200  ok=46,200 err=0  0.8/s  977.7m
   46,400  ok=46,400 err=0  0.8/s  981.8m
   46,600  ok=46,600 err=0  0.8/s  984.0m
   46,800  ok=46,800 err=0  0.8/s  985.6m
   47,000  ok=47,000 err=0  0.8/s  986.7m
   47,200  ok=47,200 err=0  0.8/s  987.8m
   47,400  ok=47,400 err=0  0.8/s  989.0m
   47,600  ok=47,600 err=0  0.8/s  991.8m
   47,800  ok=47,800 err=0  0.8/s  997.0m
   48,000  ok=48,000 err=0  0.8/s  999.9m
   48,200  ok=48,200 err=0  0.8/s  1002.7m
   48,400  ok=48,400 err=0  0.8/s  1006.1m
   48,600  ok=48,600 err=0  0.8/s  1009.4m
   48,800  ok=48,800 err=0  0.8/s  1013.9m
   49,000  ok=49,000 err=0  0.8/s  1018.1m
   49,200  ok=49,200 err=0  0.8/s  1021.3m
   49,400  ok=49,400 err=0  0.8/s  1024.8m
   49,600  ok=49,600 err=0  0.8/s  1028.7m
   49,800  ok=49,800 err=0  0.8/s  1032.0m
   50,000  ok=50,000 err=0  0.8/s  1034.9m
   50,200  ok=50,200 err=0  0.8/s  1038.4m
   50,400  ok=50,400 err=0  0.8/s  1040.2m
   50,600  ok=50,600 err=0  0.8/s  1046.9m
   50,800  ok=50,800 err=0  0.8/s  1051.7m
   51,000  ok=51,000 err=0  0.8/s  1054.0m
   51,200  ok=51,200 err=0  0.8/s  1056.8m
   51,400  ok=51,400 err=0  0.8/s  1058.9m
   51,600  ok=51,600 err=0  0.8/s  1062.8m
   51,800  ok=51,800 err=0  0.8/s  1070.5m
   52,000  ok=52,000 err=0  0.8/s  1076.2m
   52,200  ok=52,200 err=0  0.8/s  1082.5m
   52,400  ok=52,400 err=0  0.8/s  1086.9m
   52,600  ok=52,600 err=0  0.8/s  1089.6m
   52,800  ok=52,800 err=0  0.8/s  1091.7m
   53,000  ok=53,000 err=0  0.8/s  1092.3m
   53,200  ok=53,200 err=0  0.8/s  1094.6m
   53,400  ok=53,400 err=0  0.8/s  1099.7m
   53,600  ok=53,600 err=0  0.8/s  1104.4m
   53,800  ok=53,800 err=0  0.8/s  1108.7m
   54,000  ok=54,000 err=0  0.8/s  1113.0m
   54,200  ok=54,200 err=0  0.8/s  1114.8m
   54,400  ok=54,400 err=0  0.8/s  1115.3m
   54,600  ok=54,600 err=0  0.8/s  1117.1m
   54,800  ok=54,800 err=0  0.8/s  1120.6m
   55,000  ok=55,000 err=0  0.8/s  1122.6m
   55,200  ok=55,200 err=0  0.8/s  1124.3m
   55,400  ok=55,400 err=0  0.8/s  1126.5m
   55,600  ok=55,600 err=0  0.8/s  1128.2m
   55,800  ok=55,800 err=0  0.8/s  1130.2m
   56,000  ok=56,000 err=0  0.8/s  1132.0m
   56,200  ok=56,200 err=0  0.8/s  1133.3m
   56,400  ok=56,400 err=0  0.8/s  1134.7m
   56,600  ok=56,600 err=0  0.8/s  1136.0m
   56,800  ok=56,800 err=0  0.8/s  1137.3m
   57,000  ok=57,000 err=0  0.8/s  1138.6m
   57,200  ok=57,200 err=0  0.8/s  1140.0m
   57,400  ok=57,400 err=0  0.8/s  1141.3m
   57,600  ok=57,600 err=0  0.8/s  1142.6m
   57,800  ok=57,800 err=0  0.8/s  1143.7m
   58,000  ok=58,000 err=0  0.8/s  1145.1m
   58,200  ok=58,200 err=0  0.8/s  1146.6m
   58,400  ok=58,400 err=0  0.8/s  1148.0m
   58,600  ok=58,600 err=0  0.8/s  1151.1m
   58,800  ok=58,800 err=0  0.8/s  1154.9m
   59,000  ok=59,000 err=0  0.8/s  1159.3m
   59,200  ok=59,200 err=0  0.8/s  1163.5m
   59,400  ok=59,400 err=0  0.8/s  1166.1m
   59,600  ok=59,600 err=0  0.8/s  1169.1m
   59,800  ok=59,800 err=0  0.9/s  1170.4m
   60,000  ok=60,000 err=0  0.9/s  1173.0m
   60,200  ok=60,200 err=0  0.9/s  1175.9m
   60,400  ok=60,400 err=0  0.9/s  1178.7m
   60,600  ok=60,600 err=0  0.9/s  1181.0m
   60,800  ok=60,800 err=0  0.9/s  1184.0m
   61,000  ok=61,000 err=0  0.9/s  1187.2m
   61,200  ok=61,200 err=0  0.9/s  1190.0m
   61,400  ok=61,400 err=0  0.9/s  1192.3m
   61,600  ok=61,600 err=0  0.9/s  1199.0m
   61,800  ok=61,800 err=0  0.9/s  1206.8m
   62,000  ok=62,000 err=0  0.9/s  1213.5m
   62,200  ok=62,200 err=0  0.9/s  1217.4m
   62,400  ok=62,400 err=0  0.9/s  1219.8m
   62,600  ok=62,600 err=0  0.9/s  1222.1m
   62,800  ok=62,800 err=0  0.9/s  1223.8m
   63,000  ok=63,000 err=0  0.9/s  1224.6m
   63,200  ok=63,200 err=0  0.9/s  1225.2m
   63,400  ok=63,400 err=0  0.9/s  1226.1m
   63,600  ok=63,600 err=0  0.9/s  1226.8m
   63,800  ok=63,800 err=0  0.9/s  1227.8m
   64,000  ok=64,000 err=0  0.9/s  1229.4m
   64,200  ok=64,200 err=0  0.9/s  1232.6m
   64,400  ok=64,400 err=0  0.9/s  1235.3m
   64,600  ok=64,600 err=0  0.9/s  1237.7m
   64,800  ok=64,800 err=0  0.9/s  1240.3m
   65,000  ok=65,000 err=0  0.9/s  1243.0m
   65,200  ok=65,200 err=0  0.9/s  1246.0m
   65,400  ok=65,400 err=0  0.9/s  1248.5m
   65,600  ok=65,600 err=0  0.9/s  1251.5m
   65,800  ok=65,800 err=0  0.9/s  1254.1m
   66,000  ok=66,000 err=0  0.9/s  1257.0m
   66,200  ok=66,200 err=0  0.9/s  1259.6m
   66,400  ok=66,400 err=0  0.9/s  1263.1m
   66,600  ok=66,600 err=0  0.9/s  1270.2m
   66,800  ok=66,800 err=0  0.9/s  1273.8m
   67,000  ok=67,000 err=0  0.9/s  1276.6m
   67,200  ok=67,200 err=0  0.9/s  1279.0m
   67,400  ok=67,400 err=0  0.9/s  1281.9m
   67,600  ok=67,600 err=0  0.9/s  1284.7m
   67,800  ok=67,800 err=0  0.9/s  1288.0m
   68,000  ok=68,000 err=0  0.9/s  1292.2m
   68,200  ok=68,200 err=0  0.9/s  1295.7m
   68,400  ok=68,400 err=0  0.9/s  1298.4m
   68,600  ok=68,600 err=0  0.9/s  1301.5m
   68,800  ok=68,800 err=0  0.9/s  1304.8m
   69,000  ok=69,000 err=0  0.9/s  1309.1m
   69,200  ok=69,200 err=0  0.9/s  1312.2m
   69,400  ok=69,400 err=0  0.9/s  1315.7m
   69,600  ok=69,600 err=0  0.9/s  1318.6m
   69,800  ok=69,800 err=0  0.9/s  1321.2m
   70,000  ok=70,000 err=0  0.9/s  1324.2m
   70,200  ok=70,200 err=0  0.9/s  1327.2m
   70,400  ok=70,400 err=0  0.9/s  1330.0m
   70,600  ok=70,600 err=0  0.9/s  1333.8m
   70,800  ok=70,800 err=0  0.9/s  1336.7m
   71,000  ok=71,000 err=0  0.9/s  1340.1m
   71,200  ok=71,200 err=0  0.9/s  1343.1m
   71,400  ok=71,400 err=0  0.9/s  1346.2m
   71,600  ok=71,600 err=0  0.9/s  1348.8m
   71,800  ok=71,800 err=0  0.9/s  1351.6m
   72,000  ok=72,000 err=0  0.9/s  1354.8m
   72,200  ok=72,200 err=0  0.9/s  1358.1m
   72,400  ok=72,400 err=0  0.9/s  1361.2m
   72,600  ok=72,600 err=0  0.9/s  1364.2m
   72,800  ok=72,800 err=0  0.9/s  1367.8m
   73,000  ok=73,000 err=0  0.9/s  1370.9m
   73,200  ok=73,200 err=0  0.9/s  1373.5m
   73,400  ok=73,400 err=0  0.9/s  1376.3m
   73,600  ok=73,600 err=0  0.9/s  1380.4m
   73,800  ok=73,800 err=0  0.9/s  1384.2m
   74,000  ok=74,000 err=0  0.9/s  1384.9m
   74,200  ok=74,200 err=0  0.9/s  1385.6m
   74,400  ok=74,400 err=0  0.9/s  1386.2m
   74,600  ok=74,600 err=0  0.9/s  1389.5m
   74,800  ok=74,800 err=0  0.9/s  1392.4m
   75,000  ok=75,000 err=0  0.9/s  1396.5m
   75,200  ok=75,200 err=0  0.9/s  1399.7m
   75,400  ok=75,400 err=0  0.9/s  1402.6m
   75,600  ok=75,600 err=0  0.9/s  1404.8m
   75,800  ok=75,800 err=0  0.9/s  1407.3m
   76,000  ok=76,000 err=0  0.9/s  1412.0m
   76,200  ok=76,200 err=0  0.9/s  1414.4m
   76,400  ok=76,400 err=0  0.9/s  1419.0m
   76,600  ok=76,600 err=0  0.9/s  1428.0m
   76,800  ok=76,800 err=0  0.9/s  1441.1m
   77,000  ok=77,000 err=0  0.9/s  1447.0m
   77,200  ok=77,200 err=0  0.9/s  1449.1m
   77,400  ok=77,400 err=0  0.9/s  1451.7m
   77,600  ok=77,600 err=0  0.9/s  1455.7m
   77,800  ok=77,800 err=0  0.9/s  1464.6m
   78,000  ok=78,000 err=0  0.9/s  1469.0m
   78,200  ok=78,200 err=0  0.9/s  1472.2m
   78,400  ok=78,400 err=0  0.9/s  1475.0m
   78,600  ok=78,600 err=0  0.9/s  1478.2m
   78,800  ok=78,800 err=0  0.9/s  1481.2m
   79,000  ok=79,000 err=0  0.9/s  1484.9m
   79,200  ok=79,200 err=0  0.9/s  1489.8m
   79,400  ok=79,400 err=0  0.9/s  1492.7m
   79,600  ok=79,600 err=0  0.9/s  1496.2m
   79,800  ok=79,800 err=0  0.9/s  1498.9m
   80,000  ok=80,000 err=0  0.9/s  1502.6m
   80,200  ok=80,200 err=0  0.9/s  1506.6m
   80,400  ok=80,400 err=0  0.9/s  1510.3m
   80,600  ok=80,600 err=0  0.9/s  1514.6m
   80,800  ok=80,800 err=0  0.9/s  1518.7m
   81,000  ok=81,000 err=0  0.9/s  1522.9m
   81,200  ok=81,200 err=0  0.9/s  1527.7m
   81,400  ok=81,400 err=0  0.9/s  1533.2m
   81,600  ok=81,600 err=0  0.9/s  1538.3m
   81,800  ok=81,800 err=0  0.9/s  1543.9m
   82,000  ok=82,000 err=0  0.9/s  1549.0m
   82,200  ok=82,200 err=0  0.9/s  1554.0m
   82,400  ok=82,400 err=0  0.9/s  1559.2m
   82,600  ok=82,600 err=0  0.9/s  1564.4m
   82,800  ok=82,800 err=0  0.9/s  1569.0m
   83,000  ok=83,000 err=0  0.9/s  1573.1m
   83,200  ok=83,200 err=0  0.9/s  1575.9m
   83,400  ok=83,400 err=0  0.9/s  1578.0m
   83,600  ok=83,600 err=0  0.9/s  1581.1m
   83,800  ok=83,800 err=0  0.9/s  1583.9m
   84,000  ok=84,000 err=0  0.9/s  1586.7m
   84,200  ok=84,200 err=0  0.9/s  1590.2m
   84,400  ok=84,400 err=0  0.9/s  1592.9m
   84,600  ok=84,600 err=0  0.9/s  1593.2m
   84,800  ok=84,800 err=0  0.9/s  1593.6m
   85,000  ok=85,000 err=0  0.9/s  1594.1m
   85,200  ok=85,200 err=0  0.9/s  1594.5m
   85,400  ok=85,400 err=0  0.9/s  1595.3m
   85,600  ok=85,600 err=0  0.9/s  1596.3m
   85,800  ok=85,800 err=0  0.9/s  1596.7m
   86,000  ok=86,000 err=0  0.9/s  1600.1m
   86,200  ok=86,200 err=0  0.9/s  1605.3m
   86,400  ok=86,400 err=0  0.9/s  1610.1m
   86,600  ok=86,600 err=0  0.9/s  1615.1m
   86,800  ok=86,800 err=0  0.9/s  1620.6m
   87,000  ok=87,000 err=0  0.9/s  1625.8m
   87,200  ok=87,200 err=0  0.9/s  1630.9m
   87,400  ok=87,400 err=0  0.9/s  1636.0m
   87,600  ok=87,600 err=0  0.9/s  1641.4m
   87,800  ok=87,800 err=0  0.9/s  1646.9m
   88,000  ok=88,000 err=0  0.9/s  1656.0m
   88,200  ok=88,200 err=0  0.9/s  1664.7m
   88,400  ok=88,400 err=0  0.9/s  1669.9m
   88,600  ok=88,600 err=0  0.9/s  1674.3m
   88,800  ok=88,800 err=0  0.9/s  1677.3m
   89,000  ok=89,000 err=0  0.9/s  1678.5m
   89,200  ok=89,200 err=0  0.9/s  1679.7m
   89,400  ok=89,400 err=0  0.9/s  1683.3m
   89,600  ok=89,600 err=0  0.9/s  1687.5m
   89,800  ok=89,800 err=0  0.9/s  1691.4m
   90,000  ok=90,000 err=0  0.9/s  1695.3m
   90,200  ok=90,200 err=0  0.9/s  1699.0m
   90,400  ok=90,400 err=0  0.9/s  1702.7m
   90,600  ok=90,600 err=0  0.9/s  1706.5m
   90,800  ok=90,800 err=0  0.9/s  1709.9m
   91,000  ok=91,000 err=0  0.9/s  1713.8m
   91,200  ok=91,200 err=0  0.9/s  1720.9m
   91,400  ok=91,400 err=0  0.9/s  1729.1m
   91,600  ok=91,600 err=0  0.9/s  1732.5m
   91,800  ok=91,800 err=0  0.9/s  1734.4m
   92,000  ok=92,000 err=0  0.9/s  1734.9m
   92,200  ok=92,200 err=0  0.9/s  1735.5m
   92,400  ok=92,400 err=0  0.9/s  1736.9m
   92,600  ok=92,600 err=0  0.9/s  1742.3m
   92,800  ok=92,800 err=0  0.9/s  1743.3m
   93,000  ok=93,000 err=0  0.9/s  1744.3m
   93,200  ok=93,200 err=0  0.9/s  1745.2m
   93,400  ok=93,400 err=0  0.9/s  1746.2m
   93,600  ok=93,600 err=0  0.9/s  1747.2m
   93,800  ok=93,800 err=0  0.9/s  1748.2m
   94,000  ok=94,000 err=0  0.9/s  1749.2m
   94,200  ok=94,200 err=0  0.9/s  1750.3m
   94,400  ok=94,400 err=0  0.9/s  1751.3m
   94,600  ok=94,600 err=0  0.9/s  1752.3m
   94,800  ok=94,800 err=0  0.9/s  1753.4m
   95,000  ok=95,000 err=0  0.9/s  1755.7m
   95,200  ok=95,200 err=0  0.9/s  1758.1m
   95,400  ok=95,400 err=0  0.9/s  1761.1m
   95,600  ok=95,600 err=0  0.9/s  1763.9m
   95,800  ok=95,800 err=0  0.9/s  1766.2m
   96,000  ok=96,000 err=0  0.9/s  1768.5m
   96,200  ok=96,200 err=0  0.9/s  1770.4m
   96,400  ok=96,400 err=0  0.9/s  1774.4m
   96,600  ok=96,600 err=0  0.9/s  1778.2m
   96,800  ok=96,800 err=0  0.9/s  1782.0m
   97,000  ok=97,000 err=0  0.9/s  1786.3m
   97,200  ok=97,200 err=0  0.9/s  1790.9m
   97,400  ok=97,400 err=0  0.9/s  1794.7m
   97,600  ok=97,600 err=0  0.9/s  1801.0m
   97,800  ok=97,800 err=0  0.9/s  1804.4m
   98,000  ok=98,000 err=0  0.9/s  1805.8m
   98,200  ok=98,200 err=0  0.9/s  1807.3m
   98,400  ok=98,400 err=0  0.9/s  1810.0m
   98,600  ok=98,600 err=0  0.9/s  1813.5m
   98,800  ok=98,800 err=0  0.9/s  1815.5m
   99,000  ok=99,000 err=0  0.9/s  1817.2m
   99,200  ok=99,200 err=0  0.9/s  1818.8m
   99,400  ok=99,400 err=0  0.9/s  1820.7m
   99,600  ok=99,600 err=0  0.9/s  1822.6m
   99,800  ok=99,800 err=0  0.9/s  1824.7m
  100,000  ok=100,000 err=0  0.9/s  1827.5m
  100,200  ok=100,200 err=0  0.9/s  1829.0m
  100,400  ok=100,400 err=0  0.9/s  1832.5m
  100,600  ok=100,600 err=0  0.9/s  1834.3m
  100,800  ok=100,800 err=0  0.9/s  1836.0m
  101,000  ok=101,000 err=0  0.9/s  1838.0m
  101,200  ok=101,200 err=0  0.9/s  1839.7m
  101,400  ok=101,400 err=0  0.9/s  1841.9m
  101,600  ok=101,600 err=0  0.9/s  1852.4m
  101,800  ok=101,800 err=0  0.9/s  1865.5m
  102,000  ok=102,000 err=0  0.9/s  1879.5m
  102,200  ok=102,200 err=0  0.9/s  1894.2m
  102,400  ok=102,400 err=0  0.9/s  1908.1m
  102,600  ok=102,600 err=0  0.9/s  1920.8m
  102,800  ok=102,800 err=0  0.9/s  1931.9m
  103,000  ok=103,000 err=0  0.9/s  1940.0m
  103,200  ok=103,200 err=0  0.9/s  1944.6m
  103,400  ok=103,400 err=0  0.9/s  1949.7m
  103,600  ok=103,600 err=0  0.9/s  1954.1m
  103,800  ok=103,800 err=0  0.9/s  1958.6m
  104,000  ok=104,000 err=0  0.9/s  1963.2m
  104,200  ok=104,200 err=0  0.9/s  1968.0m
  104,400  ok=104,400 err=0  0.9/s  1973.1m
  104,600  ok=104,600 err=0  0.9/s  1977.8m
  104,800  ok=104,800 err=0  0.9/s  1981.9m
  105,000  ok=105,000 err=0  0.9/s  1986.9m
  105,200  ok=105,200 err=0  0.9/s  1991.3m
  105,400  ok=105,400 err=0  0.9/s  1995.8m
  105,600  ok=105,600 err=0  0.9/s  2000.2m
  105,800  ok=105,800 err=0  0.9/s  2004.5m
  106,000  ok=106,000 err=0  0.9/s  2007.1m
  106,200  ok=106,200 err=0  0.9/s  2009.4m
  106,400  ok=106,400 err=0  0.9/s  2011.8m
  106,600  ok=106,600 err=0  0.9/s  2012.7m
  106,800  ok=106,800 err=0  0.9/s  2013.9m
  107,000  ok=107,000 err=0  0.9/s  2021.6m
  107,200  ok=107,200 err=0  0.9/s  2029.9m
  107,400  ok=107,400 err=0  0.9/s  2033.3m
  107,600  ok=107,600 err=0  0.9/s  2035.8m
  107,800  ok=107,800 err=0  0.9/s  2036.7m
  108,000  ok=108,000 err=0  0.9/s  2037.4m
  108,200  ok=108,200 err=0  0.9/s  2038.2m
  108,400  ok=108,400 err=0  0.9/s  2039.5m
  108,600  ok=108,600 err=0  0.9/s  2042.0m
  108,800  ok=108,800 err=0  0.9/s  2045.6m
  109,000  ok=109,000 err=0  0.9/s  2049.2m
  109,200  ok=109,200 err=0  0.9/s  2052.5m
  109,400  ok=109,400 err=0  0.9/s  2055.5m
  109,600  ok=109,600 err=0  0.9/s  2058.1m
  109,800  ok=109,800 err=0  0.9/s  2061.1m
  110,000  ok=110,000 err=0  0.9/s  2064.3m
  110,200  ok=110,200 err=0  0.9/s  2068.0m
  110,400  ok=110,400 err=0  0.9/s  2070.7m
  110,600  ok=110,600 err=0  0.9/s  2073.7m
  110,800  ok=110,800 err=0  0.9/s  2076.7m
  111,000  ok=111,000 err=0  0.9/s  2079.6m
  111,200  ok=111,200 err=0  0.9/s  2082.5m
  111,400  ok=111,400 err=0  0.9/s  2085.9m
  111,600  ok=111,600 err=0  0.9/s  2089.4m
  111,800  ok=111,800 err=0  0.9/s  2092.1m
  112,000  ok=112,000 err=0  0.9/s  2095.0m
  112,200  ok=112,200 err=0  0.9/s  2098.1m
  112,400  ok=112,400 err=0  0.9/s  2101.5m
  112,600  ok=112,600 err=0  0.9/s  2104.5m
  112,800  ok=112,800 err=0  0.9/s  2107.7m
  113,000  ok=113,000 err=0  0.9/s  2110.5m
  113,200  ok=113,200 err=0  0.9/s  2113.7m
  113,400  ok=113,400 err=0  0.9/s  2117.1m
  113,600  ok=113,600 err=0  0.9/s  2121.2m
  113,800  ok=113,800 err=0  0.9/s  2126.9m
  114,000  ok=114,000 err=0  0.9/s  2131.9m
  114,200  ok=114,200 err=0  0.9/s  2137.0m
  114,400  ok=114,400 err=0  0.9/s  2141.8m
  114,600  ok=114,600 err=0  0.9/s  2144.3m
  114,800  ok=114,800 err=0  0.9/s  2145.5m
  115,000  ok=115,000 err=0  0.9/s  2146.8m
  115,200  ok=115,200 err=0  0.9/s  2149.1m
  115,400  ok=115,400 err=0  0.9/s  2151.1m
  115,600  ok=115,600 err=0  0.9/s  2152.6m
  115,800  ok=115,800 err=0  0.9/s  2154.6m
  116,000  ok=116,000 err=0  0.9/s  2158.0m
  116,200  ok=116,200 err=0  0.9/s  2161.5m
  116,400  ok=116,400 err=0  0.9/s  2164.7m
  116,600  ok=116,600 err=0  0.9/s  2168.2m
  116,800  ok=116,800 err=0  0.9/s  2171.5m
  117,000  ok=117,000 err=0  0.9/s  2174.9m
  117,200  ok=117,200 err=0  0.9/s  2178.1m
  117,400  ok=117,400 err=0  0.9/s  2181.7m
  117,600  ok=117,600 err=0  0.9/s  2185.1m
  117,800  ok=117,800 err=0  0.9/s  2188.8m
  118,000  ok=118,000 err=0  0.9/s  2191.9m
  118,200  ok=118,200 err=0  0.9/s  2195.6m
  118,400  ok=118,400 err=0  0.9/s  2199.1m
  118,600  ok=118,600 err=0  0.9/s  2202.3m
  118,800  ok=118,800 err=0  0.9/s  2205.5m
  119,000  ok=119,000 err=0  0.9/s  2209.2m
  119,200  ok=119,200 err=0  0.9/s  2212.7m
  119,400  ok=119,400 err=0  0.9/s  2216.3m
  119,600  ok=119,600 err=0  0.9/s  2217.0m
  119,800  ok=119,800 err=0  0.9/s  2217.8m
  120,000  ok=120,000 err=0  0.9/s  2218.9m
  120,200  ok=120,200 err=0  0.9/s  2220.1m
  120,400  ok=120,400 err=0  0.9/s  2221.0m
  120,600  ok=120,600 err=0  0.9/s  2221.5m
  120,800  ok=120,800 err=0  0.9/s  2226.0m
  121,000  ok=121,000 err=0  0.9/s  2231.4m
  121,200  ok=121,200 err=0  0.9/s  2238.6m
  121,400  ok=121,400 err=0  0.9/s  2247.0m
  121,600  ok=121,600 err=0  0.9/s  2254.7m
  121,800  ok=121,800 err=0  0.9/s  2262.7m
  122,000  ok=122,000 err=0  0.9/s  2270.1m
  122,200  ok=122,200 err=0  0.9/s  2276.5m
  122,400  ok=122,400 err=0  0.9/s  2278.1m
  122,600  ok=122,600 err=0  0.9/s  2280.8m
  122,800  ok=122,800 err=0  0.9/s  2282.5m
  123,000  ok=123,000 err=0  0.9/s  2284.3m
  123,200  ok=123,200 err=0  0.9/s  2286.0m
  123,400  ok=123,400 err=0  0.9/s  2288.3m
  123,600  ok=123,600 err=0  0.9/s  2290.1m
  123,800  ok=123,800 err=0  0.9/s  2292.1m
  124,000  ok=124,000 err=0  0.9/s  2294.8m
  124,200  ok=124,200 err=0  0.9/s  2296.8m
  124,400  ok=124,400 err=0  0.9/s  2300.0m
  124,600  ok=124,600 err=0  0.9/s  2303.2m
  124,800  ok=124,800 err=0  0.9/s  2306.5m
  125,000  ok=125,000 err=0  0.9/s  2310.3m
  125,200  ok=125,200 err=0  0.9/s  2314.3m
  125,400  ok=125,400 err=0  0.9/s  2318.0m
  125,600  ok=125,600 err=0  0.9/s  2321.6m
  125,800  ok=125,800 err=0  0.9/s  2325.0m
  126,000  ok=126,000 err=0  0.9/s  2328.5m
  126,200  ok=126,200 err=0  0.9/s  2332.2m
  126,400  ok=126,400 err=0  0.9/s  2335.9m
  126,600  ok=126,600 err=0  0.9/s  2340.3m
  126,800  ok=126,800 err=0  0.9/s  2343.5m
  127,000  ok=127,000 err=0  0.9/s  2347.8m
  127,200  ok=127,200 err=0  0.9/s  2350.8m
  127,400  ok=127,400 err=0  0.9/s  2355.2m
  127,600  ok=127,600 err=0  0.9/s  2360.1m
  127,800  ok=127,800 err=0  0.9/s  2363.4m
  128,000  ok=128,000 err=0  0.9/s  2366.5m
  128,200  ok=128,200 err=0  0.9/s  2368.2m
  128,400  ok=128,400 err=0  0.9/s  2369.9m
  128,600  ok=128,600 err=0  0.9/s  2375.8m
  128,800  ok=128,800 err=0  0.9/s  2382.5m
  129,000  ok=129,000 err=0  0.9/s  2384.4m
  129,200  ok=129,200 err=0  0.9/s  2385.7m
  129,400  ok=129,400 err=0  0.9/s  2387.0m
  129,600  ok=129,600 err=0  0.9/s  2387.9m
  129,800  ok=129,800 err=0  0.9/s  2389.0m
  130,000  ok=130,000 err=0  0.9/s  2390.0m
  130,200  ok=130,200 err=0  0.9/s  2391.0m
  130,400  ok=130,400 err=0  0.9/s  2392.3m
  130,600  ok=130,600 err=0  0.9/s  2393.6m
  130,800  ok=130,800 err=0  0.9/s  2394.9m
  131,000  ok=131,000 err=0  0.9/s  2396.5m
  131,200  ok=131,200 err=0  0.9/s  2397.9m
  131,400  ok=131,400 err=0  0.9/s  2398.9m
  131,600  ok=131,600 err=0  0.9/s  2400.1m
  131,800  ok=131,800 err=0  0.9/s  2402.0m
  132,000  ok=132,000 err=0  0.9/s  2404.8m
  132,200  ok=132,200 err=0  0.9/s  2407.8m
  132,400  ok=132,400 err=0  0.9/s  2409.5m
  132,600  ok=132,600 err=0  0.9/s  2411.5m
  132,800  ok=132,800 err=0  0.9/s  2413.1m
  133,000  ok=133,000 err=0  0.9/s  2414.7m
  133,200  ok=133,200 err=0  0.9/s  2416.6m
  133,400  ok=133,400 err=0  0.9/s  2418.1m
  133,600  ok=133,600 err=0  0.9/s  2419.9m
  133,800  ok=133,800 err=0  0.9/s  2421.5m
  134,000  ok=134,000 err=0  0.9/s  2423.3m
  134,200  ok=134,200 err=0  0.9/s  2425.4m
  134,400  ok=134,400 err=0  0.9/s  2427.1m
  134,600  ok=134,600 err=0  0.9/s  2428.6m
  134,800  ok=134,800 err=0  0.9/s  2430.2m
  135,000  ok=135,000 err=0  0.9/s  2431.8m
  135,200  ok=135,200 err=0  0.9/s  2433.9m
  135,400  ok=135,400 err=0  0.9/s  2435.9m
  135,600  ok=135,600 err=0  0.9/s  2437.6m
  135,800  ok=135,800 err=0  0.9/s  2439.3m
  136,000  ok=136,000 err=0  0.9/s  2441.2m
  136,200  ok=136,200 err=0  0.9/s  2442.9m
  136,400  ok=136,400 err=0  0.9/s  2443.6m
  136,600  ok=136,600 err=0  0.9/s  2444.2m
  136,800  ok=136,800 err=0  0.9/s  2444.6m
  137,000  ok=137,000 err=0  0.9/s  2445.0m
  137,200  ok=137,200 err=0  0.9/s  2445.3m
  137,400  ok=137,400 err=0  0.9/s  2445.9m
  137,600  ok=137,600 err=0  0.9/s  2447.8m
  137,800  ok=137,800 err=0  0.9/s  2449.2m
  138,000  ok=138,000 err=0  0.9/s  2451.1m
  138,200  ok=138,200 err=0  0.9/s  2452.4m
  138,400  ok=138,400 err=0  0.9/s  2453.7m
  138,600  ok=138,600 err=0  0.9/s  2455.2m
  138,800  ok=138,800 err=0  0.9/s  2456.6m
  139,000  ok=139,000 err=0  0.9/s  2457.8m
  139,200  ok=139,200 err=0  0.9/s  2459.4m
  139,400  ok=139,400 err=0  0.9/s  2460.7m
  139,600  ok=139,600 err=0  0.9/s  2461.9m
  139,800  ok=139,800 err=0  0.9/s  2463.3m
  140,000  ok=140,000 err=0  0.9/s  2464.9m
  140,200  ok=140,200 err=0  0.9/s  2468.8m
  140,400  ok=140,400 err=0  0.9/s  2473.2m
  140,600  ok=140,600 err=0  0.9/s  2477.0m
  140,800  ok=140,800 err=0  0.9/s  2480.2m
  141,000  ok=141,000 err=0  0.9/s  2483.4m
  141,200  ok=141,200 err=0  0.9/s  2486.2m
  141,400  ok=141,400 err=0  0.9/s  2489.5m
  141,600  ok=141,600 err=0  0.9/s  2493.4m
  141,800  ok=141,800 err=0  0.9/s  2496.6m
  142,000  ok=142,000 err=0  0.9/s  2500.4m
  142,200  ok=142,200 err=0  0.9/s  2504.2m
  142,400  ok=142,400 err=0  0.9/s  2507.2m
  142,600  ok=142,600 err=0  0.9/s  2507.7m
  142,800  ok=142,800 err=0  0.9/s  2508.2m
  143,000  ok=143,000 err=0  0.9/s  2509.2m
  143,200  ok=143,200 err=0  1.0/s  2511.2m
  143,400  ok=143,400 err=0  1.0/s  2513.9m
  143,600  ok=143,600 err=0  1.0/s  2516.2m
  143,800  ok=143,800 err=0  1.0/s  2518.6m
  144,000  ok=144,000 err=0  1.0/s  2521.1m
  144,200  ok=144,200 err=0  1.0/s  2523.6m
  144,400  ok=144,400 err=0  1.0/s  2526.0m
  144,600  ok=144,600 err=0  1.0/s  2528.5m
  144,800  ok=144,800 err=0  1.0/s  2530.7m
  145,000  ok=145,000 err=0  1.0/s  2533.0m
  145,200  ok=145,200 err=0  1.0/s  2535.4m
  145,400  ok=145,400 err=0  1.0/s  2538.1m
  145,600  ok=145,600 err=0  1.0/s  2540.7m
  145,800  ok=145,800 err=0  1.0/s  2543.6m
  146,000  ok=146,000 err=0  1.0/s  2545.6m
  146,200  ok=146,200 err=0  1.0/s  2548.0m
  146,400  ok=146,400 err=0  1.0/s  2550.2m
  146,600  ok=146,600 err=0  1.0/s  2552.2m
  146,800  ok=146,800 err=0  1.0/s  2554.3m
  147,000  ok=147,000 err=0  1.0/s  2556.9m
  147,200  ok=147,200 err=0  1.0/s  2559.0m
  147,400  ok=147,400 err=0  1.0/s  2561.4m
  147,600  ok=147,600 err=0  1.0/s  2563.9m
  147,800  ok=147,800 err=0  1.0/s  2566.5m
  148,000  ok=148,000 err=0  1.0/s  2568.6m
  148,200  ok=148,200 err=0  1.0/s  2570.5m
  148,400  ok=148,400 err=0  1.0/s  2573.4m
  148,600  ok=148,600 err=0  1.0/s  2576.2m
  148,800  ok=148,800 err=0  1.0/s  2580.1m
  149,000  ok=149,000 err=0  1.0/s  2584.1m
  149,200  ok=149,200 err=0  1.0/s  2587.8m
  149,400  ok=149,400 err=0  1.0/s  2590.2m
  149,600  ok=149,600 err=0  1.0/s  2592.0m
  149,800  ok=149,800 err=0  1.0/s  2593.6m
  150,000  ok=150,000 err=0  1.0/s  2596.0m
  150,200  ok=150,200 err=0  1.0/s  2598.4m
  150,400  ok=150,400 err=0  1.0/s  2601.2m
  150,600  ok=150,600 err=0  1.0/s  2606.1m
  150,800  ok=150,800 err=0  1.0/s  2612.9m
  151,000  ok=151,000 err=0  1.0/s  2620.0m
  151,200  ok=151,200 err=0  1.0/s  2626.2m
  151,400  ok=151,400 err=0  1.0/s  2633.2m
  151,600  ok=151,600 err=0  1.0/s  2640.1m
  151,800  ok=151,800 err=0  1.0/s  2646.4m
  152,000  ok=152,000 err=0  1.0/s  2654.1m
  152,200  ok=152,200 err=0  1.0/s  2662.1m
  152,400  ok=152,400 err=0  1.0/s  2669.8m
  152,600  ok=152,600 err=0  0.9/s  2677.8m
  152,800  ok=152,800 err=0  0.9/s  2685.6m
  153,000  ok=153,000 err=0  0.9/s  2692.9m
  153,200  ok=153,200 err=0  0.9/s  2700.1m
  153,400  ok=153,400 err=0  0.9/s  2706.7m
  153,600  ok=153,600 err=0  0.9/s  2713.8m
  153,800  ok=153,800 err=0  0.9/s  2720.6m
  154,000  ok=154,000 err=0  0.9/s  2727.2m
  154,200  ok=154,200 err=0  0.9/s  2734.4m
  154,400  ok=154,400 err=0  0.9/s  2742.4m
  154,600  ok=154,600 err=0  0.9/s  2749.7m
  154,800  ok=154,800 err=0  0.9/s  2756.9m
  155,000  ok=155,000 err=0  0.9/s  2764.8m
  155,200  ok=155,200 err=0  0.9/s  2774.0m
  155,400  ok=155,400 err=0  0.9/s  2782.4m
  155,600  ok=155,600 err=0  0.9/s  2790.5m
  155,800  ok=155,800 err=0  0.9/s  2798.0m
  156,000  ok=156,000 err=0  0.9/s  2807.0m
  156,200  ok=156,200 err=0  0.9/s  2815.1m
  156,400  ok=156,400 err=0  0.9/s  2823.9m
  156,600  ok=156,600 err=0  0.9/s  2832.8m
  156,800  ok=156,800 err=0  0.9/s  2840.8m
  157,000  ok=157,000 err=0  0.9/s  2849.8m
  157,200  ok=157,200 err=0  0.9/s  2858.8m
  157,400  ok=157,400 err=0  0.9/s  2868.1m
  157,600  ok=157,600 err=0  0.9/s  2877.4m
  157,800  ok=157,800 err=0  0.9/s  2886.3m
  158,000  ok=158,000 err=0  0.9/s  2894.2m
  158,200  ok=158,200 err=0  0.9/s  2903.3m
  158,400  ok=158,400 err=0  0.9/s  2912.8m
  158,600  ok=158,600 err=0  0.9/s  2922.6m
  158,800  ok=158,800 err=0  0.9/s  2932.3m
  159,000  ok=159,000 err=0  0.9/s  2941.1m
  159,200  ok=159,200 err=0  0.9/s  2949.6m
  159,400  ok=159,400 err=0  0.9/s  2959.3m
  159,600  ok=159,600 err=0  0.9/s  2967.9m
  159,800  ok=159,800 err=0  0.9/s  2976.9m
  160,000  ok=160,000 err=0  0.9/s  2986.0m
  160,200  ok=160,200 err=0  0.9/s  2994.4m
  160,400  ok=160,400 err=0  0.9/s  3002.0m
  160,600  ok=160,600 err=0  0.9/s  3009.5m
  160,800  ok=160,800 err=0  0.9/s  3022.4m
  161,000  ok=161,000 err=0  0.9/s  3035.1m
  161,200  ok=161,200 err=0  0.9/s  3048.1m
  161,400  ok=161,400 err=0  0.9/s  3061.8m
  161,600  ok=161,600 err=0  0.9/s  3070.7m
  161,800  ok=161,800 err=0  0.9/s  3075.4m
  162,000  ok=162,000 err=0  0.9/s  3079.8m
  162,200  ok=162,200 err=0  0.9/s  3084.7m
  162,400  ok=162,400 err=0  0.9/s  3088.7m
  162,600  ok=162,600 err=0  0.9/s  3093.8m
  162,800  ok=162,800 err=0  0.9/s  3098.2m
  163,000  ok=163,000 err=0  0.9/s  3102.4m
  163,200  ok=163,200 err=0  0.9/s  3107.5m
  163,400  ok=163,400 err=0  0.9/s  3111.9m
  163,600  ok=163,600 err=0  0.9/s  3115.6m
  163,800  ok=163,800 err=0  0.9/s  3119.6m
  164,000  ok=164,000 err=0  0.9/s  3123.0m
  164,200  ok=164,200 err=0  0.9/s  3126.0m
  164,400  ok=164,400 err=0  0.9/s  3130.2m
  164,600  ok=164,600 err=0  0.9/s  3134.2m
  164,800  ok=164,800 err=0  0.9/s  3137.7m
  165,000  ok=165,000 err=0  0.9/s  3141.9m
  165,200  ok=165,200 err=0  0.9/s  3146.1m
  165,400  ok=165,400 err=0  0.9/s  3149.6m
  165,600  ok=165,600 err=0  0.9/s  3153.1m
  165,800  ok=165,800 err=0  0.9/s  3155.6m
  166,000  ok=166,000 err=0  0.9/s  3162.2m
  166,200  ok=166,200 err=0  0.9/s  3165.6m
  166,400  ok=166,400 err=0  0.9/s  3168.3m
  166,600  ok=166,600 err=0  0.9/s  3171.5m
  166,800  ok=166,800 err=0  0.9/s  3174.9m
  167,000  ok=167,000 err=0  0.9/s  3180.0m
  167,200  ok=167,200 err=0  0.9/s  3185.0m
  167,400  ok=167,400 err=0  0.9/s  3191.1m
  167,600  ok=167,600 err=0  0.9/s  3196.9m
  167,800  ok=167,800 err=0  0.9/s  3203.3m
  168,000  ok=168,000 err=0  0.9/s  3209.5m
  168,200  ok=168,200 err=0  0.9/s  3215.7m
  168,400  ok=168,400 err=0  0.9/s  3221.2m
  168,600  ok=168,600 err=0  0.9/s  3226.6m
  168,800  ok=168,800 err=0  0.9/s  3232.3m
  169,000  ok=169,000 err=0  0.9/s  3237.2m
  169,200  ok=169,200 err=0  0.9/s  3240.7m
  169,400  ok=169,400 err=0  0.9/s  3244.9m
  169,600  ok=169,600 err=0  0.9/s  3248.4m
  169,800  ok=169,800 err=0  0.9/s  3252.4m
  170,000  ok=170,000 err=0  0.9/s  3255.7m
  170,200  ok=170,200 err=0  0.9/s  3259.3m
  170,400  ok=170,400 err=0  0.9/s  3262.8m
  170,600  ok=170,600 err=0  0.9/s  3266.4m
  170,800  ok=170,800 err=0  0.9/s  3269.7m
  171,000  ok=171,000 err=0  0.9/s  3273.0m
  171,200  ok=171,200 err=0  0.9/s  3276.4m
  171,400  ok=171,400 err=0  0.9/s  3280.3m
  171,600  ok=171,600 err=0  0.9/s  3283.9m
  171,800  ok=171,800 err=0  0.9/s  3287.3m
  172,000  ok=172,000 err=0  0.9/s  3290.5m
  172,200  ok=172,200 err=0  0.9/s  3294.1m
  172,400  ok=172,400 err=0  0.9/s  3297.7m
  172,600  ok=172,600 err=0  0.9/s  3300.9m
  172,800  ok=172,800 err=0  0.9/s  3304.1m
  173,000  ok=173,000 err=0  0.9/s  3307.2m
  173,200  ok=173,200 err=0  0.9/s  3310.7m
  173,400  ok=173,400 err=0  0.9/s  3314.1m
  173,600  ok=173,600 err=0  0.9/s  3317.7m
  173,800  ok=173,800 err=0  0.9/s  3321.5m
  174,000  ok=174,000 err=0  0.9/s  3325.4m
  174,200  ok=174,200 err=0  0.9/s  3329.6m
  174,400  ok=174,400 err=0  0.9/s  3333.9m
  174,600  ok=174,600 err=0  0.9/s  3338.1m
  174,800  ok=174,800 err=0  0.9/s  3342.0m
  175,000  ok=175,000 err=0  0.9/s  3345.6m
  175,200  ok=175,200 err=0  0.9/s  3349.9m
  175,400  ok=175,400 err=0  0.9/s  3352.9m
  175,600  ok=175,600 err=0  0.9/s  3356.2m
  175,800  ok=175,800 err=0  0.9/s  3359.5m
  176,000  ok=176,000 err=0  0.9/s  3363.0m
  176,200  ok=176,200 err=0  0.9/s  3366.4m
  176,400  ok=176,400 err=0  0.9/s  3370.5m
  176,600  ok=176,600 err=0  0.9/s  3374.4m
  176,800  ok=176,800 err=0  0.9/s  3378.4m
  177,000  ok=177,000 err=0  0.9/s  3382.0m
  177,200  ok=177,200 err=0  0.9/s  3386.5m
  177,400  ok=177,400 err=0  0.9/s  3390.3m
  177,600  ok=177,600 err=0  0.9/s  3393.8m
  177,800  ok=177,800 err=0  0.9/s  3397.3m
  178,000  ok=178,000 err=0  0.9/s  3401.5m
  178,200  ok=178,200 err=0  0.9/s  3405.5m
  178,400  ok=178,400 err=0  0.9/s  3409.9m
  178,600  ok=178,600 err=0  0.9/s  3413.3m
  178,800  ok=178,800 err=0  0.9/s  3416.7m
  179,000  ok=179,000 err=0  0.9/s  3420.3m
  179,200  ok=179,200 err=0  0.9/s  3425.0m
  179,400  ok=179,400 err=0  0.9/s  3429.2m
  179,600  ok=179,600 err=0  0.9/s  3433.0m
  179,800  ok=179,800 err=0  0.9/s  3437.0m
  180,000  ok=180,000 err=0  0.9/s  3440.8m
  180,200  ok=180,200 err=0  0.9/s  3444.3m
  180,400  ok=180,400 err=0  0.9/s  3447.1m
  180,600  ok=180,600 err=0  0.9/s  3451.1m
  180,800  ok=180,800 err=0  0.9/s  3454.3m
  181,000  ok=181,000 err=0  0.9/s  3457.6m
  181,200  ok=181,200 err=0  0.9/s  3461.2m
  181,400  ok=181,400 err=0  0.9/s  3464.3m
  181,600  ok=181,600 err=0  0.9/s  3467.4m
  181,800  ok=181,800 err=0  0.9/s  3471.1m
  182,000  ok=182,000 err=0  0.9/s  3474.8m
  182,200  ok=182,200 err=0  0.9/s  3478.2m
  182,400  ok=182,400 err=0  0.9/s  3481.5m
  182,600  ok=182,600 err=0  0.9/s  3484.9m
  182,800  ok=182,800 err=0  0.9/s  3488.1m
  183,000  ok=183,000 err=0  0.9/s  3491.3m
  183,200  ok=183,200 err=0  0.9/s  3494.7m
  183,400  ok=183,400 err=0  0.9/s  3498.4m
  183,600  ok=183,600 err=0  0.9/s  3501.7m
  183,800  ok=183,800 err=0  0.9/s  3504.8m
  184,000  ok=184,000 err=0  0.9/s  3508.3m
  184,200  ok=184,200 err=0  0.9/s  3511.7m
  184,400  ok=184,400 err=0  0.9/s  3515.4m
  184,600  ok=184,600 err=0  0.9/s  3518.7m
  184,800  ok=184,800 err=0  0.9/s  3521.8m
  185,000  ok=185,000 err=0  0.9/s  3524.9m
  185,200  ok=185,200 err=0  0.9/s  3528.0m
  185,400  ok=185,400 err=0  0.9/s  3531.3m
  185,600  ok=185,600 err=0  0.9/s  3534.9m
  185,800  ok=185,800 err=0  0.9/s  3538.5m
  186,000  ok=186,000 err=0  0.9/s  3541.7m
  186,200  ok=186,200 err=0  0.9/s  3545.7m
  186,400  ok=186,400 err=0  0.9/s  3549.1m
  186,600  ok=186,600 err=0  0.9/s  3552.5m
  186,800  ok=186,800 err=0  0.9/s  3556.4m
  187,000  ok=187,000 err=0  0.9/s  3559.9m
  187,200  ok=187,200 err=0  0.9/s  3563.9m
  187,400  ok=187,400 err=0  0.9/s  3568.7m
  187,600  ok=187,600 err=0  0.9/s  3575.3m
  187,800  ok=187,800 err=0  0.9/s  3580.0m
  188,000  ok=188,000 err=0  0.9/s  3585.6m
  188,200  ok=188,200 err=0  0.9/s  3591.7m
  188,400  ok=188,400 err=0  0.9/s  3598.8m
  188,600  ok=188,600 err=0  0.9/s  3604.9m
  188,800  ok=188,800 err=0  0.9/s  3608.2m
  189,000  ok=189,000 err=0  0.9/s  3611.7m
  189,200  ok=189,200 err=0  0.9/s  3614.0m
  189,400  ok=189,400 err=0  0.9/s  3616.7m
  189,600  ok=189,600 err=0  0.9/s  3619.0m
  189,800  ok=189,800 err=0  0.9/s  3622.0m
  190,000  ok=190,000 err=0  0.9/s  3626.6m
  190,200  ok=190,200 err=0  0.9/s  3631.2m
  190,400  ok=190,400 err=0  0.9/s  3634.6m
  190,600  ok=190,600 err=0  0.9/s  3639.4m
  190,800  ok=190,800 err=0  0.9/s  3642.0m
  191,000  ok=191,000 err=0  0.9/s  3648.1m
  191,200  ok=191,200 err=0  0.9/s  3657.2m
  191,400  ok=191,400 err=0  0.9/s  3665.2m
  191,600  ok=191,600 err=0  0.9/s  3674.6m
  191,800  ok=191,800 err=0  0.9/s  3683.5m
  192,000  ok=192,000 err=0  0.9/s  3690.9m
  192,200  ok=192,200 err=0  0.9/s  3693.4m
  192,400  ok=192,400 err=0  0.9/s  3696.3m
  192,600  ok=192,600 err=0  0.9/s  3701.7m
  192,800  ok=192,800 err=0  0.9/s  3705.7m
  193,000  ok=193,000 err=0  0.9/s  3706.2m
  193,200  ok=193,200 err=0  0.9/s  3712.2m
  193,400  ok=193,400 err=0  0.9/s  3717.9m
  193,600  ok=193,600 err=0  0.9/s  3722.5m
  193,800  ok=193,800 err=0  0.9/s  3727.4m
  194,000  ok=194,000 err=0  0.9/s  3731.3m
  194,200  ok=194,200 err=0  0.9/s  3733.1m
  194,400  ok=194,400 err=0  0.9/s  3735.0m
  194,600  ok=194,600 err=0  0.9/s  3737.3m
  194,800  ok=194,800 err=0  0.9/s  3738.7m
  195,000  ok=195,000 err=0  0.9/s  3740.0m
  195,200  ok=195,200 err=0  0.9/s  3741.1m
  195,400  ok=195,400 err=0  0.9/s  3742.1m
  195,600  ok=195,600 err=0  0.9/s  3745.1m
  195,800  ok=195,800 err=0  0.9/s  3747.7m
  196,000  ok=196,000 err=0  0.9/s  3749.6m
  196,200  ok=196,200 err=0  0.9/s  3754.9m
  196,400  ok=196,400 err=0  0.9/s  3758.5m
  196,600  ok=196,600 err=0  0.9/s  3766.6m
  196,800  ok=196,800 err=0  0.9/s  3776.6m
  197,000  ok=197,000 err=0  0.9/s  3781.1m
  197,200  ok=197,200 err=0  0.9/s  3786.3m
  197,400  ok=197,400 err=0  0.9/s  3787.5m
  197,600  ok=197,600 err=0  0.9/s  3789.3m
  197,800  ok=197,800 err=0  0.9/s  3791.3m
  198,000  ok=198,000 err=0  0.9/s  3793.5m
  198,200  ok=198,200 err=0  0.9/s  3801.7m
  198,400  ok=198,400 err=0  0.9/s  3808.2m
  198,600  ok=198,600 err=0  0.9/s  3811.8m
  198,800  ok=198,800 err=0  0.9/s  3814.9m
  199,000  ok=199,000 err=0  0.9/s  3822.3m
  199,200  ok=199,200 err=0  0.9/s  3832.7m
  199,400  ok=199,400 err=0  0.9/s  3836.4m
  199,600  ok=199,600 err=0  0.9/s  3839.6m
  199,800  ok=199,800 err=0  0.9/s  3842.9m
  200,000  ok=200,000 err=0  0.9/s  3848.7m
  200,200  ok=200,200 err=0  0.9/s  3857.0m
  200,400  ok=200,400 err=0  0.9/s  3867.1m
  200,600  ok=200,600 err=0  0.9/s  3869.2m
  200,800  ok=200,800 err=0  0.9/s  3870.6m
  201,000  ok=201,000 err=0  0.9/s  3873.3m
  201,200  ok=201,200 err=0  0.9/s  3876.1m
  201,400  ok=201,400 err=0  0.9/s  3880.7m
  201,600  ok=201,600 err=0  0.9/s  3885.1m
  201,800  ok=201,800 err=0  0.9/s  3890.8m
  202,000  ok=202,000 err=0  0.9/s  3896.6m
  202,200  ok=202,200 err=0  0.9/s  3898.1m
  202,400  ok=202,400 err=0  0.9/s  3901.2m
  202,600  ok=202,600 err=0  0.9/s  3904.0m
  202,800  ok=202,800 err=0  0.9/s  3913.4m
  203,000  ok=203,000 err=0  0.9/s  3920.5m
  203,200  ok=203,200 err=0  0.9/s  3928.3m
  203,400  ok=203,400 err=0  0.9/s  3934.7m
  203,600  ok=203,600 err=0  0.9/s  3945.2m
  203,800  ok=203,800 err=0  0.9/s  3951.1m
  204,000  ok=204,000 err=0  0.9/s  3957.4m
  204,200  ok=204,200 err=0  0.9/s  3966.1m
  204,400  ok=204,400 err=0  0.9/s  3972.5m
  204,600  ok=204,600 err=0  0.9/s  3977.0m
  204,800  ok=204,800 err=0  0.9/s  3979.7m
  205,000  ok=205,000 err=0  0.9/s  3983.0m
  205,200  ok=205,200 err=0  0.9/s  3986.8m
  205,400  ok=205,400 err=0  0.9/s  3991.6m
  205,600  ok=205,600 err=0  0.9/s  4000.5m
  205,800  ok=205,800 err=0  0.9/s  4009.5m
  206,000  ok=206,000 err=0  0.9/s  4016.4m
  206,200  ok=206,200 err=0  0.9/s  4023.4m
  206,400  ok=206,400 err=0  0.9/s  4028.0m
  206,600  ok=206,600 err=0  0.9/s  4028.9m
  206,800  ok=206,800 err=0  0.9/s  4029.6m
  207,000  ok=207,000 err=0  0.9/s  4034.6m
  207,200  ok=207,200 err=0  0.9/s  4041.2m
  207,400  ok=207,400 err=0  0.9/s  4042.6m
  207,600  ok=207,600 err=0  0.9/s  4044.3m
  207,800  ok=207,800 err=0  0.9/s  4047.9m
  208,000  ok=208,000 err=0  0.9/s  4053.5m
  208,200  ok=208,200 err=0  0.9/s  4057.8m
  208,400  ok=208,400 err=0  0.9/s  4061.8m
  208,600  ok=208,600 err=0  0.9/s  4064.3m
  208,800  ok=208,800 err=0  0.9/s  4065.0m
  209,000  ok=209,000 err=0  0.9/s  4065.9m
  209,200  ok=209,200 err=0  0.9/s  4070.1m
  209,400  ok=209,400 err=0  0.9/s  4074.5m
  209,600  ok=209,600 err=0  0.9/s  4080.1m
  209,800  ok=209,800 err=0  0.9/s  4083.8m
  210,000  ok=210,000 err=0  0.9/s  4086.7m
  210,200  ok=210,200 err=0  0.9/s  4090.1m
  210,400  ok=210,400 err=0  0.9/s  4093.8m
  210,600  ok=210,600 err=0  0.9/s  4096.9m
  210,800  ok=210,800 err=0  0.9/s  4100.3m
  211,000  ok=211,000 err=0  0.9/s  4108.5m
  211,200  ok=211,200 err=0  0.9/s  4112.3m
  211,400  ok=211,400 err=0  0.9/s  4117.1m
  211,600  ok=211,600 err=0  0.9/s  4124.4m
  211,800  ok=211,800 err=0  0.9/s  4126.5m
  212,000  ok=212,000 err=0  0.9/s  4127.1m
  212,200  ok=212,200 err=0  0.9/s  4128.6m
  212,400  ok=212,400 err=0  0.9/s  4131.8m
  212,600  ok=212,600 err=0  0.9/s  4137.7m
  212,800  ok=212,800 err=0  0.9/s  4138.6m
  213,000  ok=213,000 err=0  0.9/s  4147.1m
  213,200  ok=213,200 err=0  0.9/s  4161.7m
  213,400  ok=213,400 err=0  0.9/s  4171.0m
  213,600  ok=213,600 err=0  0.9/s  4179.3m
  213,800  ok=213,800 err=0  0.9/s  4182.1m
  214,000  ok=214,000 err=0  0.9/s  4184.5m
  214,200  ok=214,200 err=0  0.9/s  4186.6m
  214,400  ok=214,400 err=0  0.9/s  4191.2m
  214,600  ok=214,600 err=0  0.9/s  4196.6m
  214,800  ok=214,800 err=0  0.9/s  4201.2m
  215,000  ok=215,000 err=0  0.9/s  4205.2m
  215,200  ok=215,200 err=0  0.9/s  4212.6m
  215,400  ok=215,400 err=0  0.9/s  4219.0m
  215,600  ok=215,600 err=0  0.9/s  4223.9m
  215,800  ok=215,800 err=0  0.9/s  4228.8m
  216,000  ok=216,000 err=0  0.9/s  4232.8m
  216,200  ok=216,200 err=0  0.9/s  4237.9m
  216,400  ok=216,400 err=0  0.8/s  4243.7m
  216,600  ok=216,600 err=0  0.9/s  4247.0m
  216,800  ok=216,800 err=0  0.9/s  4250.6m
  217,000  ok=217,000 err=0  0.8/s  4256.7m
  217,200  ok=217,200 err=0  0.8/s  4267.5m
  217,400  ok=217,400 err=0  0.8/s  4277.5m
  217,600  ok=217,600 err=0  0.8/s  4287.1m
  217,800  ok=217,800 err=0  0.8/s  4295.6m
  218,000  ok=218,000 err=0  0.8/s  4300.8m
  218,200  ok=218,200 err=0  0.8/s  4307.5m
  218,400  ok=218,400 err=0  0.8/s  4314.8m
  218,600  ok=218,600 err=0  0.8/s  4323.3m
  218,800  ok=218,800 err=0  0.8/s  4332.9m
  219,000  ok=219,000 err=0  0.8/s  4342.9m
  219,200  ok=219,200 err=0  0.8/s  4358.7m
  219,400  ok=219,400 err=0  0.8/s  4377.9m
  219,600  ok=219,600 err=0  0.8/s  4395.8m
  219,800  ok=219,800 err=0  0.8/s  4407.4m
  220,000  ok=220,000 err=0  0.8/s  4419.6m
  220,200  ok=220,200 err=0  0.8/s  4424.6m
  220,400  ok=220,400 err=0  0.8/s  4428.8m
  220,600  ok=220,600 err=0  0.8/s  4433.2m
  220,800  ok=220,800 err=0  0.8/s  4437.3m
  221,000  ok=221,000 err=0  0.8/s  4445.0m
  221,200  ok=221,200 err=0  0.8/s  4452.9m
  221,400  ok=221,400 err=0  0.8/s  4461.1m
  221,600  ok=221,600 err=0  0.8/s  4469.8m
  221,800  ok=221,800 err=0  0.8/s  4479.2m
  222,000  ok=222,000 err=0  0.8/s  4485.6m
  222,200  ok=222,200 err=0  0.8/s  4490.5m
  222,400  ok=222,400 err=0  0.8/s  4496.0m
  222,600  ok=222,600 err=0  0.8/s  4506.0m
  222,800  ok=222,800 err=0  0.8/s  4516.0m
  223,000  ok=223,000 err=0  0.8/s  4525.8m
  223,200  ok=223,200 err=0  0.8/s  4532.9m
  223,400  ok=223,400 err=0  0.8/s  4539.5m
  223,600  ok=223,600 err=0  0.8/s  4544.2m
  223,800  ok=223,800 err=0  0.8/s  4548.4m
  224,000  ok=224,000 err=0  0.8/s  4551.6m
  224,200  ok=224,200 err=0  0.8/s  4555.4m
  224,400  ok=224,400 err=0  0.8/s  4558.8m
  224,600  ok=224,600 err=0  0.8/s  4562.2m
  224,800  ok=224,800 err=0  0.8/s  4565.1m
  225,000  ok=225,000 err=0  0.8/s  4569.9m
  225,200  ok=225,200 err=0  0.8/s  4571.7m
  225,400  ok=225,400 err=0  0.8/s  4574.1m
  225,600  ok=225,600 err=0  0.8/s  4577.9m
  225,800  ok=225,800 err=0  0.8/s  4585.8m
  226,000  ok=226,000 err=0  0.8/s  4589.1m
  226,200  ok=226,200 err=0  0.8/s  4594.9m
  226,400  ok=226,400 err=0  0.8/s  4601.3m
  226,600  ok=226,600 err=0  0.8/s  4606.3m
  226,800  ok=226,800 err=0  0.8/s  4612.3m
  227,000  ok=227,000 err=0  0.8/s  4614.3m
  227,200  ok=227,200 err=0  0.8/s  4616.0m
  227,400  ok=227,400 err=0  0.8/s  4626.4m
  227,600  ok=227,600 err=0  0.8/s  4629.1m
  227,800  ok=227,800 err=0  0.8/s  4632.3m
  228,000  ok=228,000 err=0  0.8/s  4635.9m
  228,200  ok=228,200 err=0  0.8/s  4636.8m
  228,400  ok=228,400 err=0  0.8/s  4637.3m
  228,600  ok=228,600 err=0  0.8/s  4638.4m
  228,800  ok=228,800 err=0  0.8/s  4641.6m
  229,000  ok=229,000 err=0  0.8/s  4642.0m
  229,200  ok=229,200 err=0  0.8/s  4642.4m
  229,400  ok=229,400 err=0  0.8/s  4642.8m
  229,600  ok=229,600 err=0  0.8/s  4643.2m
  229,800  ok=229,800 err=0  0.8/s  4643.6m
  230,000  ok=230,000 err=0  0.8/s  4648.6m
  230,200  ok=230,200 err=0  0.8/s  4654.3m
  230,400  ok=230,400 err=0  0.8/s  4658.7m
  230,600  ok=230,600 err=0  0.8/s  4660.0m
  230,800  ok=230,800 err=0  0.8/s  4661.0m
  231,000  ok=231,000 err=0  0.8/s  4662.7m
  231,200  ok=231,200 err=0  0.8/s  4669.2m
  231,400  ok=231,400 err=0  0.8/s  4675.3m
  231,600  ok=231,600 err=0  0.8/s  4682.0m
  231,800  ok=231,800 err=0  0.8/s  4687.5m
  232,000  ok=232,000 err=0  0.8/s  4693.3m
  232,200  ok=232,200 err=0  0.8/s  4698.0m
  232,400  ok=232,400 err=0  0.8/s  4702.2m
  232,600  ok=232,600 err=0  0.8/s  4706.0m
  232,800  ok=232,800 err=0  0.8/s  4709.5m
  233,000  ok=233,000 err=0  0.8/s  4710.6m
  233,200  ok=233,200 err=0  0.8/s  4712.8m
  233,400  ok=233,400 err=0  0.8/s  4717.3m
  233,600  ok=233,600 err=0  0.8/s  4718.8m
  233,800  ok=233,800 err=0  0.8/s  4724.5m
  234,000  ok=234,000 err=0  0.8/s  4729.8m
  234,200  ok=234,200 err=0  0.8/s  4732.9m
  234,400  ok=234,400 err=0  0.8/s  4733.7m
  234,600  ok=234,600 err=0  0.8/s  4735.7m
  234,800  ok=234,800 err=0  0.8/s  4739.3m
  235,000  ok=235,000 err=0  0.8/s  4741.1m
  235,200  ok=235,200 err=0  0.8/s  4742.7m
  235,400  ok=235,400 err=0  0.8/s  4744.4m
  235,600  ok=235,600 err=0  0.8/s  4753.6m
  235,800  ok=235,800 err=0  0.8/s  4758.9m
  236,000  ok=236,000 err=0  0.8/s  4760.0m
  236,200  ok=236,200 err=0  0.8/s  4761.4m
  236,400  ok=236,400 err=0  0.8/s  4762.8m
  236,600  ok=236,600 err=0  0.8/s  4763.8m
  236,800  ok=236,800 err=0  0.8/s  4764.5m
  237,000  ok=237,000 err=0  0.8/s  4769.4m
  237,200  ok=237,200 err=0  0.8/s  4770.4m
  237,400  ok=237,400 err=0  0.8/s  4772.3m
  237,600  ok=237,600 err=0  0.8/s  4773.9m
  237,800  ok=237,800 err=0  0.8/s  4775.6m
  238,000  ok=238,000 err=0  0.8/s  4777.8m
  238,200  ok=238,200 err=0  0.8/s  4781.0m
  238,400  ok=238,400 err=0  0.8/s  4782.1m
  238,600  ok=238,600 err=0  0.8/s  4790.0m
  238,800  ok=238,800 err=0  0.8/s  4797.0m
  239,000  ok=239,000 err=0  0.8/s  4805.1m
  239,200  ok=239,200 err=0  0.8/s  4811.2m
  239,400  ok=239,400 err=0  0.8/s  4816.4m
  239,600  ok=239,600 err=0  0.8/s  4819.9m
  239,800  ok=239,800 err=0  0.8/s  4825.6m
  240,000  ok=240,000 err=0  0.8/s  4829.3m
  240,200  ok=240,200 err=0  0.8/s  4834.6m
  240,400  ok=240,400 err=0  0.8/s  4845.5m
  240,600  ok=240,600 err=0  0.8/s  4859.0m
  240,800  ok=240,800 err=0  0.8/s  4868.0m
  241,000  ok=241,000 err=0  0.8/s  4873.7m
  241,200  ok=241,200 err=0  0.8/s  4876.0m
  241,400  ok=241,400 err=0  0.8/s  4879.5m
  241,600  ok=241,600 err=0  0.8/s  4882.9m
  241,800  ok=241,800 err=0  0.8/s  4885.9m
  242,000  ok=242,000 err=0  0.8/s  4890.2m
  242,200  ok=242,200 err=0  0.8/s  4894.2m
  242,400  ok=242,400 err=0  0.8/s  4897.1m
  242,600  ok=242,600 err=0  0.8/s  4898.0m
  242,800  ok=242,800 err=0  0.8/s  4899.8m
  243,000  ok=243,000 err=0  0.8/s  4901.8m
  243,200  ok=243,200 err=0  0.8/s  4904.6m
  243,400  ok=243,400 err=0  0.8/s  4915.1m
  243,600  ok=243,600 err=0  0.8/s  4927.4m
  243,800  ok=243,800 err=0  0.8/s  4937.9m
  244,000  ok=244,000 err=0  0.8/s  4944.8m
  244,200  ok=244,200 err=0  0.8/s  4948.0m
  244,400  ok=244,400 err=0  0.8/s  4954.2m
  244,600  ok=244,600 err=0  0.8/s  4958.4m
  244,800  ok=244,800 err=0  0.8/s  4962.9m
  245,000  ok=245,000 err=0  0.8/s  4973.1m
  245,200  ok=245,200 err=0  0.8/s  4978.4m
  245,400  ok=245,400 err=0  0.8/s  4981.9m
  245,600  ok=245,600 err=0  0.8/s  4984.9m
  245,800  ok=245,800 err=0  0.8/s  4987.9m
  246,000  ok=246,000 err=0  0.8/s  4993.0m
  246,200  ok=246,200 err=0  0.8/s  4998.1m
  246,400  ok=246,400 err=0  0.8/s  5008.2m
  246,600  ok=246,600 err=0  0.8/s  5013.4m
  246,800  ok=246,800 err=0  0.8/s  5017.6m
  247,000  ok=247,000 err=0  0.8/s  5023.9m
  247,200  ok=247,200 err=0  0.8/s  5028.0m
  247,400  ok=247,400 err=0  0.8/s  5033.5m
  247,600  ok=247,600 err=0  0.8/s  5040.1m
  247,800  ok=247,800 err=0  0.8/s  5044.7m
  248,000  ok=248,000 err=0  0.8/s  5047.2m
  248,200  ok=248,200 err=0  0.8/s  5049.9m
  248,400  ok=248,400 err=0  0.8/s  5053.3m
  248,600  ok=248,600 err=0  0.8/s  5056.5m
